// Jest Snapshot v1, https://goo.gl/fbAQLP

exports[`Test Pokemon Card PokemonCard matches snapshot 1`] = `
Object {
  "asFragment": [Function],
  "baseElement": .emotion-0 {
  display: -webkit-box;
  display: -webkit-flex;
  display: -ms-flexbox;
  display: flex;
  -webkit-flex-direction: column;
  -ms-flex-direction: column;
  flex-direction: column;
  -webkit-box-flex-wrap: wrap;
  -webkit-flex-wrap: wrap;
  -ms-flex-wrap: wrap;
  flex-wrap: wrap;
  border: 1px solid #d1d5db;
  border-radius: 0.5rem;
}

.emotion-1 {
  border-radius: 0.375rem;
  -webkit-text-decoration: none;
  text-decoration: none;
  font-size: 1rem;
  cursor: pointer;
  padding-top: 0.5rem;
  padding-bottom: 0.5rem;
  padding-left: 1rem;
  padding-right: 1rem;
  background-color: transparent;
  border: 1px solid transparent;
  display: -webkit-inline-box;
  display: -webkit-inline-flex;
  display: -ms-inline-flexbox;
  display: inline-flex;
  -webkit-flex-direction: row;
  -ms-flex-direction: row;
  flex-direction: row;
  -webkit-box-flex-wrap: wrap;
  -webkit-flex-wrap: wrap;
  -ms-flex-wrap: wrap;
  flex-wrap: wrap;
  -webkit-box-pack: center;
  -ms-flex-pack: center;
  -webkit-justify-content: center;
  justify-content: center;
  -webkit-align-items: center;
  -webkit-box-align: center;
  -ms-flex-align: center;
  align-items: center;
  padding: 0rem;
  display: inline-block;
}

.emotion-2 {
  position: relative;
  height: 150px;
}

.emotion-2 .thumbnail-background {
  position: absolute;
  height: 150px;
  border: 0.5rem solid transparent;
  opacity: 0.7;
  border-radius: 0.5rem;
  width: 100%;
}

.emotion-2 img {
  position: absolute;
  object-position: center;
  object-fit: contain;
  height: 150px;
  border: 0.5rem solid transparent;
  width: 100%;
}

.emotion-4 {
  object-fit: contain;
  object-position: center;
}

.emotion-5 {
  font-weight: normal;
  text-align: center;
  margin: 0.5rem;
  margin-bottom: 0.25rem;
}

<body>
    <div>
      <div
        class="emotion-0"
      >
        <a
          class="emotion-1"
          href="/pokemon/bulbasaur"
        >
          <div
            class="emotion-2"
          >
            <div
              class="thumbnail-background emotion-3"
            />
            <picture>
              <img
                alt="bulbasaur"
                class="emotion-4"
                data-testid="image-regular"
                height="300"
                loading="lazy"
                src="https://raw.githubusercontent.com/PokeAPI/sprites/master/sprites/pokemon/other/dream-world/1.svg"
                width="300"
              />
            </picture>
          </div>
          <h2
            class="emotion-5"
          >
            bulbasaur
          </h2>
        </a>
      </div>
    </div>
  </body>,
  "container": .emotion-0 {
  display: -webkit-box;
  display: -webkit-flex;
  display: -ms-flexbox;
  display: flex;
  -webkit-flex-direction: column;
  -ms-flex-direction: column;
  flex-direction: column;
  -webkit-box-flex-wrap: wrap;
  -webkit-flex-wrap: wrap;
  -ms-flex-wrap: wrap;
  flex-wrap: wrap;
  border: 1px solid #d1d5db;
  border-radius: 0.5rem;
}

.emotion-1 {
  border-radius: 0.375rem;
  -webkit-text-decoration: none;
  text-decoration: none;
  font-size: 1rem;
  cursor: pointer;
  padding-top: 0.5rem;
  padding-bottom: 0.5rem;
  padding-left: 1rem;
  padding-right: 1rem;
  background-color: transparent;
  border: 1px solid transparent;
  display: -webkit-inline-box;
  display: -webkit-inline-flex;
  display: -ms-inline-flexbox;
  display: inline-flex;
  -webkit-flex-direction: row;
  -ms-flex-direction: row;
  flex-direction: row;
  -webkit-box-flex-wrap: wrap;
  -webkit-flex-wrap: wrap;
  -ms-flex-wrap: wrap;
  flex-wrap: wrap;
  -webkit-box-pack: center;
  -ms-flex-pack: center;
  -webkit-justify-content: center;
  justify-content: center;
  -webkit-align-items: center;
  -webkit-box-align: center;
  -ms-flex-align: center;
  align-items: center;
  padding: 0rem;
  display: inline-block;
}

.emotion-2 {
  position: relative;
  height: 150px;
}

.emotion-2 .thumbnail-background {
  position: absolute;
  height: 150px;
  border: 0.5rem solid transparent;
  opacity: 0.7;
  border-radius: 0.5rem;
  width: 100%;
}

.emotion-2 img {
  position: absolute;
  object-position: center;
  object-fit: contain;
  height: 150px;
  border: 0.5rem solid transparent;
  width: 100%;
}

.emotion-4 {
  object-fit: contain;
  object-position: center;
}

.emotion-5 {
  font-weight: normal;
  text-align: center;
  margin: 0.5rem;
  margin-bottom: 0.25rem;
}

<div>
    <div
      class="emotion-0"
    >
      <a
        class="emotion-1"
        href="/pokemon/bulbasaur"
      >
        <div
          class="emotion-2"
        >
          <div
            class="thumbnail-background emotion-3"
          />
          <picture>
            <img
              alt="bulbasaur"
              class="emotion-4"
              data-testid="image-regular"
              height="300"
              loading="lazy"
              src="https://raw.githubusercontent.com/PokeAPI/sprites/master/sprites/pokemon/other/dream-world/1.svg"
              width="300"
            />
          </picture>
        </div>
        <h2
          class="emotion-5"
        >
          bulbasaur
        </h2>
      </a>
    </div>
  </div>,
  "debug": [Function],
  "findAllByAltText": [Function],
  "findAllByDisplayValue": [Function],
  "findAllByLabelText": [Function],
  "findAllByPlaceholderText": [Function],
  "findAllByRole": [Function],
  "findAllByTestId": [Function],
  "findAllByText": [Function],
  "findAllByTitle": [Function],
  "findByAltText": [Function],
  "findByDisplayValue": [Function],
  "findByLabelText": [Function],
  "findByPlaceholderText": [Function],
  "findByRole": [Function],
  "findByTestId": [Function],
  "findByText": [Function],
  "findByTitle": [Function],
  "getAllByAltText": [Function],
  "getAllByDisplayValue": [Function],
  "getAllByLabelText": [Function],
  "getAllByPlaceholderText": [Function],
  "getAllByRole": [Function],
  "getAllByTestId": [Function],
  "getAllByText": [Function],
  "getAllByTitle": [Function],
  "getByAltText": [Function],
  "getByDisplayValue": [Function],
  "getByLabelText": [Function],
  "getByPlaceholderText": [Function],
  "getByRole": [Function],
  "getByTestId": [Function],
  "getByText": [Function],
  "getByTitle": [Function],
  "queryAllByAltText": [Function],
  "queryAllByDisplayValue": [Function],
  "queryAllByLabelText": [Function],
  "queryAllByPlaceholderText": [Function],
  "queryAllByRole": [Function],
  "queryAllByTestId": [Function],
  "queryAllByText": [Function],
  "queryAllByTitle": [Function],
  "queryByAltText": [Function],
  "queryByDisplayValue": [Function],
  "queryByLabelText": [Function],
  "queryByPlaceholderText": [Function],
  "queryByRole": [Function],
  "queryByTestId": [Function],
  "queryByText": [Function],
  "queryByTitle": [Function],
  "rerender": [Function],
  "unmount": [Function],
}
`;
